Component: ARM Compiler 5.06 update 7 (build 960) Tool: armlink [4d3601]

==============================================================================

Section Cross References

    main.o(i.main_loop) refers to gpio.o(i.GPIOA_tackt) for GPIOA_tackt
    main.o(i.main_loop) refers to gpio.o(i.GPIOD_tackt) for GPIOD_tackt
    main.o(i.main_loop) refers to gpio.o(i.GPIOD_cfg_pin) for GPIOD_cfg_pin
    main.o(i.main_loop) refers to gpio.o(i.GPIOA_cfg_pin) for GPIOA_cfg_pin
    main.o(i.main_loop) refers to gpio.o(i.GPIOA_rd_pin) for GPIOA_rd_pin
    main.o(i.main_loop) refers to gpio.o(i.GPIOD_wr_pin) for GPIOD_wr_pin
    main.o(i.main_loop) refers to gpio.o(i.delay) for delay
    main_.o(RESET) refers to main_.o(STACK) for __initial_sp
    main_.o(RESET) refers to main_.o(.text) for Reset_Handler
    main_.o(.text) refers to main.o(i.main_loop) for main_loop


==============================================================================

Image Symbol Table

    Local Symbols

    Symbol Name                              Value     Ov Type        Size  Object(Section)

    gpio.c                                   0x00000000   Number         0  gpio.o ABSOLUTE
    main.c                                   0x00000000   Number         0  main.o ABSOLUTE
    main_.s                                  0x00000000   Number         0  main_.o ABSOLUTE
    RESET                                    0x08000000   Section        8  main_.o(RESET)
    .text                                    0x08000008   Section        8  main_.o(.text)
    $v0                                      0x08000008   Number         0  main_.o(.text)
    main                                     0x0800000b   Thumb Code     6  main_.o(.text)
    i.GPIOA_cfg_pin                          0x08000010   Section        0  gpio.o(i.GPIOA_cfg_pin)
    i.GPIOA_rd_pin                           0x08000028   Section        0  gpio.o(i.GPIOA_rd_pin)
    i.GPIOA_tackt                            0x0800003c   Section        0  gpio.o(i.GPIOA_tackt)
    i.GPIOD_cfg_pin                          0x08000050   Section        0  gpio.o(i.GPIOD_cfg_pin)
    i.GPIOD_tackt                            0x08000068   Section        0  gpio.o(i.GPIOD_tackt)
    i.GPIOD_wr_pin                           0x0800007c   Section        0  gpio.o(i.GPIOD_wr_pin)
    i.delay                                  0x080000a4   Section        0  gpio.o(i.delay)
    i.main_loop                              0x080000b0   Section        0  main.o(i.main_loop)
    STACK                                    0x20000000   Section     1024  main_.o(STACK)
    __initial_sp                             0x20000400   Data           0  main_.o(STACK)

    Global Symbols

    Symbol Name                              Value     Ov Type        Size  Object(Section)

    BuildAttributes$$THM_ISAv4$E$P$D$K$B$S$7EM$VFPi3$EXTD16$VFPS$VFMA$PE$A:L22UL41UL21$X:L11$S22US41US21$IEEE1$IW$USESV6$~STKCKD$USESV7$~SHL$OSPACE$EBA8$STANDARDLIB$REQ8$PRES8$EABIv2 0x00000000   Number         0  anon$$obj.o ABSOLUTE
    __Vectors                                0x08000000   Data           0  main_.o(RESET)
    Reset_Handler                            0x08000009   Thumb Code     2  main_.o(.text)
    GPIOA_cfg_pin                            0x08000011   Thumb Code    18  gpio.o(i.GPIOA_cfg_pin)
    GPIOA_rd_pin                             0x08000029   Thumb Code    14  gpio.o(i.GPIOA_rd_pin)
    GPIOA_tackt                              0x0800003d   Thumb Code    14  gpio.o(i.GPIOA_tackt)
    GPIOD_cfg_pin                            0x08000051   Thumb Code    18  gpio.o(i.GPIOD_cfg_pin)
    GPIOD_tackt                              0x08000069   Thumb Code    14  gpio.o(i.GPIOD_tackt)
    GPIOD_wr_pin                             0x0800007d   Thumb Code    34  gpio.o(i.GPIOD_wr_pin)
    delay                                    0x080000a5   Thumb Code    10  gpio.o(i.delay)
    main_loop                                0x080000b1   Thumb Code   310  main.o(i.main_loop)



==============================================================================

Memory Map of the image

  Image Entry point : 0x08000009

  Load Region LR_1 (Base: 0x08000000, Size: 0x000001ec, Max: 0xffffffff, ABSOLUTE)

    Execution Region ER_RO (Exec base: 0x08000000, Load base: 0x08000000, Size: 0x000001ec, Max: 0xffffffff, ABSOLUTE)

    Exec Addr    Load Addr    Size         Type   Attr      Idx    E Section Name        Object

    0x08000000   0x08000000   0x00000008   Data   RO           70    RESET               main_.o
    0x08000008   0x08000008   0x00000008   Code   RO           71  * .text               main_.o
    0x08000010   0x08000010   0x00000018   Code   RO            1    i.GPIOA_cfg_pin     gpio.o
    0x08000028   0x08000028   0x00000014   Code   RO            2    i.GPIOA_rd_pin      gpio.o
    0x0800003c   0x0800003c   0x00000014   Code   RO            3    i.GPIOA_tackt       gpio.o
    0x08000050   0x08000050   0x00000018   Code   RO            4    i.GPIOD_cfg_pin     gpio.o
    0x08000068   0x08000068   0x00000014   Code   RO            5    i.GPIOD_tackt       gpio.o
    0x0800007c   0x0800007c   0x00000028   Code   RO            6    i.GPIOD_wr_pin      gpio.o
    0x080000a4   0x080000a4   0x0000000a   Code   RO            7    i.delay             gpio.o
    0x080000ae   0x080000ae   0x00000002   PAD
    0x080000b0   0x080000b0   0x0000013c   Code   RO           57    i.main_loop         main.o


    Execution Region ER_RW (Exec base: 0x20000000, Load base: 0x080001ec, Size: 0x00000000, Max: 0xffffffff, ABSOLUTE)

    **** No section assigned to this execution region ****


    Execution Region ER_ZI (Exec base: 0x20000000, Load base: 0x080001ec, Size: 0x00000400, Max: 0xffffffff, ABSOLUTE)

    Exec Addr    Load Addr    Size         Type   Attr      Idx    E Section Name        Object

    0x20000000        -       0x00000400   Zero   RW           69    STACK               main_.o


==============================================================================

Image component sizes


      Code (inc. data)   RO Data    RW Data    ZI Data      Debug   Object Name

       158         36          0          0          0       7650   gpio.o
       316          6          0          0          0        932   main.o
         8          0          8          0       1024        392   main_.o

    ----------------------------------------------------------------------
       484         42          8          0       1024       8974   Object Totals
         0          0          0          0          0          0   (incl. Generated)
         2          0          0          0          0          0   (incl. Padding)

    ----------------------------------------------------------------------
         0          0          0          0          0          0   Library Totals
         0          0          0          0          0          0   (incl. Padding)

    ----------------------------------------------------------------------

==============================================================================


      Code (inc. data)   RO Data    RW Data    ZI Data      Debug   

       484         42          8          0       1024       8574   Grand Totals
       484         42          8          0       1024       8574   ELF Image Totals
       484         42          8          0          0          0   ROM Totals

==============================================================================

    Total RO  Size (Code + RO Data)                  492 (   0.48kB)
    Total RW  Size (RW Data + ZI Data)              1024 (   1.00kB)
    Total ROM Size (Code + RO Data + RW Data)        492 (   0.48kB)

==============================================================================

